apps/archflow-studio/api/archflow_studio_api/application/geometry_sources.py:1: SCOPE_UNDECLARED: commit 8afa896f names no work item; apps/archflow-studio/api/archflow_studio_api/application/geometry_sources.py is outside its write scope
apps/archflow-studio/api/archflow_studio_api/application/mesh_drawings.py:1: SCOPE_UNDECLARED: commit 8afa896f names no work item; apps/archflow-studio/api/archflow_studio_api/application/mesh_drawings.py is outside its write scope
apps/archflow-studio/api/archflow_studio_api/application/physical_render.py:1: SCOPE_UNDECLARED: commit 8afa896f names no work item; apps/archflow-studio/api/archflow_studio_api/application/physical_render.py is outside its write scope
apps/archflow-studio/api/archflow_studio_api/application/render_scene.py:1: SCOPE_UNDECLARED: commit 8afa896f names no work item; apps/archflow-studio/api/archflow_studio_api/application/render_scene.py is outside its write scope
apps/archflow-studio/api/archflow_studio_api/application/rendering.py:1: SCOPE_UNDECLARED: commit 8afa896f names no work item; apps/archflow-studio/api/archflow_studio_api/application/rendering.py is outside its write scope
apps/archflow-studio/api/archflow_studio_api/application/representation_dependencies.py:1: SCOPE_UNDECLARED: commit 8afa896f names no work item; apps/archflow-studio/api/archflow_studio_api/application/representation_dependencies.py is outside its write scope
apps/archflow-studio/api/archflow_studio_api/application/runtime.py:1: SCOPE_UNDECLARED: commit 8afa896f names no work item; apps/archflow-studio/api/archflow_studio_api/application/runtime.py is outside its write scope
apps/archflow-studio/api/archflow_studio_api/main.py:1: SCOPE_UNDECLARED: commit 8afa896f names no work item; apps/archflow-studio/api/archflow_studio_api/main.py is outside its write scope
apps/archflow-studio/api/archflow_studio_api/routes/rendering.py:1: SCOPE_UNDECLARED: commit 8afa896f names no work item; apps/archflow-studio/api/archflow_studio_api/routes/rendering.py is outside its write scope
apps/archflow-studio/api/archflow_studio_api/transport/render_scene.py:1: SCOPE_UNDECLARED: commit 8afa896f names no work item; apps/archflow-studio/api/archflow_studio_api/transport/render_scene.py is outside its write scope
apps/archflow-studio/api/archflow_studio_api/transport/rendering.py:1: SCOPE_UNDECLARED: commit 8afa896f names no work item; apps/archflow-studio/api/archflow_studio_api/transport/rendering.py is outside its write scope
apps/monkeyhub/web/workspaces/src/api/generated/index.ts:1: SCOPE_UNDECLARED: commit 8afa896f names no work item; apps/monkeyhub/web/workspaces/src/api/generated/index.ts is outside its write scope
apps/monkeyhub/web/workspaces/src/api/generated/sdk.gen.ts:1: SCOPE_UNDECLARED: commit 8afa896f names no work item; apps/monkeyhub/web/workspaces/src/api/generated/sdk.gen.ts is outside its write scope
apps/monkeyhub/web/workspaces/src/api/generated/types.gen.ts:1: SCOPE_UNDECLARED: commit 8afa896f names no work item; apps/monkeyhub/web/workspaces/src/api/generated/types.gen.ts is outside its write scope
apps/monkeyhub/web/workspaces/src/workspaces/render/PhysicalPreview.tsx:1: SCOPE_UNDECLARED: commit 8afa896f names no work item; apps/monkeyhub/web/workspaces/src/workspaces/render/PhysicalPreview.tsx is outside its write scope
apps/monkeyhub/web/workspaces/src/workspaces/render/PhysicalWorkspace.tsx:1: SCOPE_UNDECLARED: commit 8afa896f names no work item; apps/monkeyhub/web/workspaces/src/workspaces/render/PhysicalWorkspace.tsx is outside its write scope
apps/monkeyhub/web/workspaces/src/workspaces/render/RenderWorkspace.tsx:1: SCOPE_UNDECLARED: commit 8afa896f names no work item; apps/monkeyhub/web/workspaces/src/workspaces/render/RenderWorkspace.tsx is outside its write scope
apps/monkeyhub/web/workspaces/src/workspaces/render/render.css:1: SCOPE_UNDECLARED: commit 8afa896f names no work item; apps/monkeyhub/web/workspaces/src/workspaces/render/render.css is outside its write scope
apps/monkeyhub/web/workspaces/src/workspaces/render/sceneTypes.ts:1: SCOPE_UNDECLARED: commit 8afa896f names no work item; apps/monkeyhub/web/workspaces/src/workspaces/render/sceneTypes.ts is outside its write scope
apps/monkeyhub/web/workspaces/test/renderWorkspace.browser.mjs:1: SCOPE_UNDECLARED: commit 8afa896f names no work item; apps/monkeyhub/web/workspaces/test/renderWorkspace.browser.mjs is outside its write scope
archflow/adapters/blender_projection.py:1: SCOPE_UNDECLARED: commit 8afa896f names no work item; archflow/adapters/blender_projection.py is outside its write scope
archflow/adapters/blender_scene_worker.py:1: SCOPE_UNDECLARED: commit 8afa896f names no work item; archflow/adapters/blender_scene_worker.py is outside its write scope
archflow/adapters/blender_worker.py:1: SCOPE_UNDECLARED: commit 8afa896f names no work item; archflow/adapters/blender_worker.py is outside its write scope
archflow/adapters/model_formats.py:1: SCOPE_UNDECLARED: commit 8afa896f names no work item; archflow/adapters/model_formats.py is outside its write scope
archflow/adapters/model_providers.py:1: SCOPE_UNDECLARED: commit 8afa896f names no work item; archflow/adapters/model_providers.py is outside its write scope
archflow/adapters/render_projection.py:1: SCOPE_UNDECLARED: commit 8afa896f names no work item; archflow/adapters/render_projection.py is outside its write scope
archflow/project/record_kinds.py:1: SCOPE_UNDECLARED: commit 8afa896f names no work item; archflow/project/record_kinds.py is outside its write scope
monkeydiagram/mesh_views.py:1: SCOPE_UNDECLARED: commit 8afa896f names no work item; monkeydiagram/mesh_views.py is outside its write scope
