test_body_claim_is_used_when_the_subject_has_no_work_id (tests.test_archcheck_github_claims.GithubWorkClaimTests.test_body_claim_is_used_when_the_subject_has_no_work_id) ... ok
test_closing_github_work_may_use_parent_scope_once_then_loses_it (tests.test_archcheck_github_claims.GithubWorkClaimTests.test_closing_github_work_may_use_parent_scope_once_then_loses_it) ... ok
test_explicit_work_id_takes_precedence_over_issue_reference (tests.test_archcheck_github_claims.GithubWorkClaimTests.test_explicit_work_id_takes_precedence_over_issue_reference) ... ok
test_github_lane_claim_uses_both_lane_and_parent_scope (tests.test_archcheck_github_claims.GithubWorkClaimTests.test_github_lane_claim_uses_both_lane_and_parent_scope) ... ok
test_incidental_ambiguous_or_malformed_references_do_not_claim_scope (tests.test_archcheck_github_claims.GithubWorkClaimTests.test_incidental_ambiguous_or_malformed_references_do_not_claim_scope) ... ok
test_malformed_github_markers_do_not_partially_claim_a_valid_issue (tests.test_archcheck_github_claims.GithubWorkClaimTests.test_malformed_github_markers_do_not_partially_claim_a_valid_issue) ... ok
test_plain_github_issue_claim_uses_the_same_scope_rules_as_legacy_work (tests.test_archcheck_github_claims.GithubWorkClaimTests.test_plain_github_issue_claim_uses_the_same_scope_rules_as_legacy_work) ... ok
test_subject_claim_wins_over_other_issue_ids_named_in_the_body (tests.test_archcheck_github_claims.GithubWorkClaimTests.test_subject_claim_wins_over_other_issue_ids_named_in_the_body) ... ok
test_trailing_issue_reference_still_checks_historical_scope (tests.test_archcheck_github_claims.GithubWorkClaimTests.test_trailing_issue_reference_still_checks_historical_scope) ... ok
test_trailing_reference_cannot_borrow_a_later_declaration (tests.test_archcheck_github_claims.GithubWorkClaimTests.test_trailing_reference_cannot_borrow_a_later_declaration) ... ok
test_trailing_reference_cannot_bypass_lane_requirement (tests.test_archcheck_github_claims.GithubWorkClaimTests.test_trailing_reference_cannot_bypass_lane_requirement) ... ok
test_unknown_github_issue_does_not_gain_an_existing_scope (tests.test_archcheck_github_claims.GithubWorkClaimTests.test_unknown_github_issue_does_not_gain_an_existing_scope) ... ok
test_a_commit_inside_its_cards_scope_passes (tests.test_archcheck_scopes.ChangedScopeTests.test_a_commit_inside_its_cards_scope_passes) ... ok
test_a_commit_outside_its_cards_scope_is_a_violation (tests.test_archcheck_scopes.ChangedScopeTests.test_a_commit_outside_its_cards_scope_is_a_violation) ... ok
test_a_commit_without_a_card_may_still_touch_a_shared_ledger (tests.test_archcheck_scopes.ChangedScopeTests.test_a_commit_without_a_card_may_still_touch_a_shared_ledger) ... ok
test_a_deleted_file_counts_as_changed (tests.test_archcheck_scopes.ChangedScopeTests.test_a_deleted_file_counts_as_changed) ... ok
test_explicit_governance_cannot_write_an_unowned_tool (tests.test_archcheck_scopes.ChangedScopeTests.test_explicit_governance_cannot_write_an_unowned_tool) ... ok
test_the_subject_decides_when_the_body_names_other_cards (tests.test_archcheck_scopes.ChangedScopeTests.test_the_subject_decides_when_the_body_names_other_cards)
A body says what a change unblocks; that is not its own card. ... ok
test_a_base_after_policy_removal_cannot_restart_the_rule (tests.test_archcheck_scopes.HistoricalScopeTests.test_a_base_after_policy_removal_cannot_restart_the_rule) ... ok
test_a_closing_commit_keeps_its_scope_but_the_next_commit_does_not (tests.test_archcheck_scopes.HistoricalScopeTests.test_a_closing_commit_keeps_its_scope_but_the_next_commit_does_not) ... ok
test_a_lane_subject_does_not_acquire_the_other_lane_named_in_its_body (tests.test_archcheck_scopes.HistoricalScopeTests.test_a_lane_subject_does_not_acquire_the_other_lane_named_in_its_body) ... ok
test_a_missing_selected_policy_cannot_disable_the_check (tests.test_archcheck_scopes.HistoricalScopeTests.test_a_missing_selected_policy_cannot_disable_the_check) ... ok
test_a_partial_governance_marker_does_not_gain_readme_scope (tests.test_archcheck_scopes.HistoricalScopeTests.test_a_partial_governance_marker_does_not_gain_readme_scope) ... ok
test_a_retained_nonlive_row_grants_scope_only_to_its_closing_commit (tests.test_archcheck_scopes.HistoricalScopeTests.test_a_retained_nonlive_row_grants_scope_only_to_its_closing_commit) ... ok
test_closing_lane_cannot_widen_the_scope_it_borrows_from_its_parent (tests.test_archcheck_scopes.HistoricalScopeTests.test_closing_lane_cannot_widen_the_scope_it_borrows_from_its_parent) ... ok
test_governance_may_maintain_only_its_named_files_and_readmes (tests.test_archcheck_scopes.HistoricalScopeTests.test_governance_may_maintain_only_its_named_files_and_readmes) ... ok
test_invalid_scope_field_is_an_error (tests.test_archcheck_scopes.HistoricalScopeTests.test_invalid_scope_field_is_an_error) ... ok
test_lane_commits_must_fit_both_the_narrow_lane_and_parent_card (tests.test_archcheck_scopes.HistoricalScopeTests.test_lane_commits_must_fit_both_the_narrow_lane_and_parent_card) ... ok
test_later_card_scope_changes_do_not_reclassify_earlier_commits (tests.test_archcheck_scopes.HistoricalScopeTests.test_later_card_scope_changes_do_not_reclassify_earlier_commits) ... ok
test_later_lane_scope_changes_do_not_reclassify_earlier_commits (tests.test_archcheck_scopes.HistoricalScopeTests.test_later_lane_scope_changes_do_not_reclassify_earlier_commits) ... ok
test_later_shared_scope_does_not_erase_an_earlier_violation (tests.test_archcheck_scopes.HistoricalScopeTests.test_later_shared_scope_does_not_erase_an_earlier_violation) ... ok
test_legacy_card_subject_suffixes_keep_the_registered_scope (tests.test_archcheck_scopes.HistoricalScopeTests.test_legacy_card_subject_suffixes_keep_the_registered_scope) ... ok
test_malformed_policy_is_an_error (tests.test_archcheck_scopes.HistoricalScopeTests.test_malformed_policy_is_an_error) ... ok
test_missing_registry_is_an_error_even_for_governance (tests.test_archcheck_scopes.HistoricalScopeTests.test_missing_registry_is_an_error_even_for_governance) ... ok
test_only_a_lane_closing_commit_can_reuse_its_first_parent_scope (tests.test_archcheck_scopes.HistoricalScopeTests.test_only_a_lane_closing_commit_can_reuse_its_first_parent_scope) ... ok
test_parent_only_and_unknown_lane_subjects_may_touch_only_shared_paths (tests.test_archcheck_scopes.HistoricalScopeTests.test_parent_only_and_unknown_lane_subjects_may_touch_only_shared_paths) ... ok
test_pausing_or_planning_a_lane_does_not_borrow_its_previous_write_scope (tests.test_archcheck_scopes.HistoricalScopeTests.test_pausing_or_planning_a_lane_does_not_borrow_its_previous_write_scope) ... ok
test_policy_field_removal_is_an_error (tests.test_archcheck_scopes.HistoricalScopeTests.test_policy_field_removal_is_an_error) ... ok
test_policy_file_removal_is_an_error (tests.test_archcheck_scopes.HistoricalScopeTests.test_policy_file_removal_is_an_error) ... ok
test_the_rule_does_not_reach_its_predecessors_or_bootstrap (tests.test_archcheck_scopes.HistoricalScopeTests.test_the_rule_does_not_reach_its_predecessors_or_bootstrap) ... ok
test_unknown_card_and_uncarded_commits_do_not_gain_governance_scope (tests.test_archcheck_scopes.HistoricalScopeTests.test_unknown_card_and_uncarded_commits_do_not_gain_governance_scope) ... ok
test_a_lane_still_collides_with_another_live_legacy_card (tests.test_archcheck_scopes.LaneOverlapTests.test_a_lane_still_collides_with_another_live_legacy_card) ... ok
test_blocked_work_requires_a_readable_reason (tests.test_archcheck_scopes.LaneOverlapTests.test_blocked_work_requires_a_readable_reason) ... ok
test_invalid_lane_paths_report_metadata_errors_without_crashing (tests.test_archcheck_scopes.LaneOverlapTests.test_invalid_lane_paths_report_metadata_errors_without_crashing) ... ok
test_live_lanes_cannot_share_a_branch_or_worktree (tests.test_archcheck_scopes.LaneOverlapTests.test_live_lanes_cannot_share_a_branch_or_worktree) ... ok
test_live_lanes_cannot_start_while_a_declared_lane_dependency_remains (tests.test_archcheck_scopes.LaneOverlapTests.test_live_lanes_cannot_start_while_a_declared_lane_dependency_remains) ... ok
test_live_legacy_dependencies_block_a_lane_but_finished_dependencies_do_not (tests.test_archcheck_scopes.LaneOverlapTests.test_live_legacy_dependencies_block_a_lane_but_finished_dependencies_do_not) ... ok
test_live_work_requires_a_discoverable_checkout_base_and_contributor (tests.test_archcheck_scopes.LaneOverlapTests.test_live_work_requires_a_discoverable_checkout_base_and_contributor) ... ok
test_narrow_lanes_replace_the_broad_parent_claim (tests.test_archcheck_scopes.LaneOverlapTests.test_narrow_lanes_replace_the_broad_parent_claim) ... ok
test_non_string_status_produces_diagnostics_instead_of_crashing (tests.test_archcheck_scopes.LaneOverlapTests.test_non_string_status_produces_diagnostics_instead_of_crashing) ... ok
test_overlapping_active_and_review_lanes_name_the_paths_and_handoff (tests.test_archcheck_scopes.LaneOverlapTests.test_overlapping_active_and_review_lanes_name_the_paths_and_handoff) ... ok
test_planned_blocked_and_done_lanes_do_not_occupy_paths_or_checkouts (tests.test_archcheck_scopes.LaneOverlapTests.test_planned_blocked_and_done_lanes_do_not_occupy_paths_or_checkouts) ... ok
test_shared_tests_and_generated_maps_do_not_require_handoff (tests.test_archcheck_scopes.LaneOverlapTests.test_shared_tests_and_generated_maps_do_not_require_handoff) ... ok
test_a_card_nobody_is_working_on_does_not_collide (tests.test_archcheck_scopes.ScopeOverlapTests.test_a_card_nobody_is_working_on_does_not_collide) ... ok
test_a_directory_containing_another_cards_file_is_an_overlap (tests.test_archcheck_scopes.ScopeOverlapTests.test_a_directory_containing_another_cards_file_is_an_overlap) ... ok
test_no_registry_is_not_a_finding (tests.test_archcheck_scopes.ScopeOverlapTests.test_no_registry_is_not_a_finding) ... ok
test_the_shared_ledgers_are_not_an_overlap (tests.test_archcheck_scopes.ScopeOverlapTests.test_the_shared_ledgers_are_not_an_overlap) ... ok
test_two_live_cards_claiming_the_same_directory_are_refused (tests.test_archcheck_scopes.ScopeOverlapTests.test_two_live_cards_claiming_the_same_directory_are_refused) ... ok
test_core_and_peer_workflow_reverse_imports_are_refused (tests.test_archcheck_scopes.WorkflowBoundaryTests.test_core_and_peer_workflow_reverse_imports_are_refused) ... ok
test_registry_checks_dependencies_from_each_workflow_package (tests.test_archcheck_scopes.WorkflowBoundaryTests.test_registry_checks_dependencies_from_each_workflow_package) ... ok
test_workflows_may_consume_shared_contracts (tests.test_archcheck_scopes.WorkflowBoundaryTests.test_workflows_may_consume_shared_contracts) ... ok

----------------------------------------------------------------------
Ran 61 tests in 134.434s

OK
